
-0.387 0.264 
-0.220 0.000 
[sambrenner@aquila Fractal-Analysis]$ g++ -g  -Wall multifracBoxCounter3D.cpp -o multifracBox
[sambrenner@aquila Fractal-Analysis]$ ./multifracBox


height: 128
width: 128
depth: 1


Level: 1
FVector size: 7
outArrayLength: 7

-13.932 9.510 
-12.932 10.510 
-11.932 10.247 
-10.932 9.077 
-9.932 7.077 
-8.932 4.170 
-7.932 0.000 

Level: 2
FVector size: 6
outArrayLength: 6

-5.805 3.962 
-5.305 4.331 
-4.805 4.038 
-4.305 3.246 
-3.805 1.953 
-3.305 0.000 

Level: 3
FVector size: 5
outArrayLength: 5

-3.096 2.113 
-2.763 2.252 
-2.429 1.918 
-2.096 1.195 
-1.763 0.000 

Level: 4
FVector size: 4
outArrayLength: 4

-1.741 1.189 
-1.491 1.189 
-1.241 0.792 
-0.991 0.000 

Level: 5
FVector size: 3
outArrayLength: 3

-0.929 0.634 
-0.729 0.517 
-0.529 0.000 

Level: 6
FVector size: 2
outArrayLength: 2

-0.387 0.264 
-0.220 0.000 
[sambrenner@aquila Fractal-Analysis]$ 
[1]+  Done                    matlab
[sambrenner@aquila Fractal-Analysis]$ 
[sambrenner@aquila Fractal-Analysis]$ 
[sambrenner@aquila Fractal-Analysis]$ 
[sambrenner@aquila Fractal-Analysis]$ 
[sambrenner@aquila Fractal-Analysis]$ 
[sambrenner@aquila Fractal-Analysis]$ git
usage: git [--version] [--exec-path[=GIT_EXEC_PATH]] [--html-path]
           [-p|--paginate|--no-pager] [--no-replace-objects]
           [--bare] [--git-dir=GIT_DIR] [--work-tree=GIT_WORK_TREE]
           [--help] COMMAND [ARGS]

The most commonly used git commands are:
   add        Add file contents to the index
   bisect     Find by binary search the change that introduced a bug
   branch     List, create, or delete branches
   checkout   Checkout a branch or paths to the working tree
   clone      Clone a repository into a new directory
   commit     Record changes to the repository
   diff       Show changes between commits, commit and working tree, etc
   fetch      Download objects and refs from another repository
   grep       Print lines matching a pattern
   init       Create an empty git repository or reinitialize an existing one
   log        Show commit logs
   merge      Join two or more development histories together
   mv         Move or rename a file, a directory, or a symlink
   pull       Fetch from and merge with another repository or a local branch
   push       Update remote refs along with associated objects
   rebase     Forward-port local commits to the updated upstream head
   reset      Reset current HEAD to the specified state
   rm         Remove files from the working tree and from the index
   show       Show various types of objects
   status     Show the working tree status
   tag        Create, list, delete or verify a tag object signed with GPG

See 'git help COMMAND' for more information on a specific command.
[sambrenner@aquila Fractal-Analysis]$ git log
commit 5dc13992a13930263cf35f9bd67e82a600a932fa
Author: samuelbrenner <samuel.e.brenner@gmail.com>
Date:   Thu Jun 27 15:37:11 2013 -0400

    Adding histogramming and more.
    
    This update should allow non-integer values for mu(S) to be allowed by the program.
    Still no progress on getting a reasonable peak to the f(alpha) curve.

commit 8596833f62f54e29221830c6a86f08fbc56b3bc2
Author: samuelbrenner <samuel.e.brenner@gmail.com>
Date:   Thu Jun 27 12:56:43 2013 -0400

    A plot is revealed!
    
    Literally. We're generating some cool Matlab plots of f(alpha) vs. alpha.
    The hard part's going to be understanding and interpreting them. More
    research is definitely needed, and I need to be sure that we're actually
    plotting f(alpha). Because, from what I understand so far, what we see
    indicates a dimension much higher than it should be (around 14). Even worse,
    it changes depending on the side length used for the boxes.

commit 5be2e0679ca716ce6aae1afe9644e81a127f07d1
Author: samuelbrenner <samuel.e.brenner@gmail.com>
Date:   Thu Jun 27 09:53:04 2013 -0400

    Fixed the printing of f(alpha) vs. alpha!
    
    Now all that's left to do is put them into files and check that they
    do what is needed by plotting in Matlab. Onward!

commit db6bd9cdecd5bbb0c08b7e5124d3a6d688b9591a
Author: samuelbrenner <samuel.e.brenner@gmail.com>
Date:   Wed Jun 26 18:33:58 2013 -0400

    It seems to be working now
    
    But I'm still unsure that it's returning the right quantities and need
    to figure that out. Also, I'm pretty sure the calculations for level 0
    are meaningless. I'll worry more about it later.

commit 35fea2b17351d515b96af22152041a6167e79f5f
Author: samuelbrenner <samuel.e.brenner@gmail.com>
Date:   Wed Jun 26 00:23:43 2013 -0400

    Output debugged!
    
    Still, there's a problem with the decimals printing. We'll see about
    that in the morning, I suppose.

commit 3310251dd9c72760b4e50c5e1a0e6da34382c679
Author: samuelbrenner <samuel.e.brenner@gmail.com>
Date:   Tue Jun 25 18:01:26 2013 -0400

    Still struggling.

commit 2a87029e1a1d1dfa2c5400cd15017b023e040464
Author: samuelbrenner <samuel.e.brenner@gmail.com>
Date:   Tue Jun 25 17:43:31 2013 -0400

    Multifractal box counting almost works now.
    
    Almost. At least I learned how to use vectors. Sort of, at least. There's some smoothing out left to be done, for sure.

commit e7294c63ec6805bd2eaed07280680af1e3de99e1
Author: samuelbrenner <samuel.e.brenner@gmail.com>
[sambrenner@aquila Fractal-Analysis]$ 
[sambrenner@aquila Fractal-Analysis]$ git commit
# On branch master
# Changed but not updated:
#   (use "git add <file>..." to update what will be committed)
#   (use "git checkout -- <file>..." to discard changes in working directory)
#
#	modified:   multifracBoxCounter3D.cpp
#	modified:   multifractal.txt
#	modified:   multifractalgenerator.cpp
#
# Untracked files:
#   (use "git add <file>..." to include in what will be committed)
#
#	a.out
#	boxCounter3D
#	c_hdf5_plt_cnt_1000.txt
#	c_hdf5_plt_cnt_1000.txt~
#	falpha_level_0.txt
#	falpha_level_1.txt
#	falpha_level_2.txt
#	falpha_level_3.txt
#	falpha_level_4.txt
#	falpha_level_5.txt
#	falpha_level_6.txt
#	falpha_level_7.txt
#	falpha_level_8.txt
#	falpha_level_9.txt
#	multifrac
#	multifracBox
#	multifracBoxCounter
#	multifracBoxCounter3D
#	multifractal.txt~
#	multifractalgenerator
no changes added to commit (use "git add" and/or "git commit -a")
[sambrenner@aquila Fractal-Analysis]$ g++ -g  -Wall multifracBoxCounter3D.cpp -o multifracBox
multifracBoxCounter3D.cpp: In function ‘double** boxCounting(double***, int, int, int, int, int&)’:
multifracBoxCounter3D.cpp:146: error: ‘ohlineHist’ was not declared in this scope
multifracBoxCounter3D.cpp:183: error: ‘frequencyVector’ was not declared in this scope
multifracBoxCounter3D.cpp:143: warning: unused variable ‘onlineHist’
[sambrenner@aquila Fractal-Analysis]$ 
[sambrenner@aquila Fractal-Analysis]$ 
[sambrenner@aquila Fractal-Analysis]$ g++ -g  -Wall multifracBoxCounter3D.cpp -o multifracBox
multifracBoxCounter3D.cpp: In function ‘double** boxCounting(double***, int, int, int, int, int&)’:
multifracBoxCounter3D.cpp:183: error: ‘frequencyVector’ was not declared in this scope
[sambrenner@aquila Fractal-Analysis]$ g++ -g  -Wall multifracBoxCounter3D.cpp -o multifracBox
multifracBoxCounter3D.cpp:199:2: warning: "/*" within comment
multifracBoxCounter3D.cpp: In function ‘void boxCounting(double***, int, int, int, int, int&)’:
multifracBoxCounter3D.cpp:183: error: ‘frequencyVector’ was not declared in this scope
multifracBoxCounter3D.cpp: In function ‘int main()’:
multifracBoxCounter3D.cpp:292: error: void value not ignored as it ought to be
[sambrenner@aquila Fractal-Analysis]$ 
[sambrenner@aquila Fractal-Analysis]$ 
[sambrenner@aquila Fractal-Analysis]$ g++ -g  -Wall multifracBoxCounter3D.cpp -o multifracBox
multifracBoxCounter3D.cpp:199:2: warning: "/*" within comment
multifracBoxCounter3D.cpp: In function ‘int main()’:
multifracBoxCounter3D.cpp:292: error: void value not ignored as it ought to be
[sambrenner@aquila Fractal-Analysis]$ g++ -g  -Wall multifracBoxCounter3D.cpp -o multifracBox
multifracBoxCounter3D.cpp:199:2: warning: "/*" within comment
multifracBoxCounter3D.cpp: In function ‘int main()’:
multifracBoxCounter3D.cpp:293: error: ‘falpha’ was not declared in this scope
[sambrenner@aquila Fractal-Analysis]$ g++ -g  -Wall multifracBoxCounter3D.cpp -o multifracBox
multifracBoxCounter3D.cpp:199:2: warning: "/*" within comment
/tmp/ccWKJocz.o: In function `boxCounting(double***, int, int, int, int, int&)':
/home/sambrenner/Fractal-Analysis/multifracBoxCounter3D.cpp:90: undefined reference to `Statistics::Histogram::Histogram()'
/home/sambrenner/Fractal-Analysis/multifracBoxCounter3D.cpp:141: undefined reference to `Statistics::computeMinMax(double*, int, double&, double&)'
/home/sambrenner/Fractal-Analysis/multifracBoxCounter3D.cpp:144: undefined reference to `Statistics::Histogram::createStaticHistogram(double*, int, std::basic_string<char, std::char_traits<char>, std::allocator<char> >, Statistics::Histogram::spacing_t)'
/home/sambrenner/Fractal-Analysis/multifracBoxCounter3D.cpp:146: undefined reference to `Statistics::Histogram::addDatum(Statistics::Histogram::HistObj*, double)'
/home/sambrenner/Fractal-Analysis/multifracBoxCounter3D.cpp:148: undefined reference to `Statistics::Histogram::printObject(std::basic_ostream<char, std::char_traits<char> >&)'
/home/sambrenner/Fractal-Analysis/multifracBoxCounter3D.cpp:152: undefined reference to `Statistics::Histogram::~Histogram()'
/home/sambrenner/Fractal-Analysis/multifracBoxCounter3D.cpp:152: undefined reference to `Statistics::Histogram::~Histogram()'
collect2: ld returned 1 exit status
[sambrenner@aquila Fractal-Analysis]$ g++ -g  -Wall multifracBoxCounter3D.cpp -histogram.cpp -o multifracBox
g++: unrecognized option '-histogram.cpp'
multifracBoxCounter3D.cpp:199:2: warning: "/*" within comment
/tmp/ccSfeb5I.o: In function `boxCounting(double***, int, int, int, int, int&)':
/home/sambrenner/Fractal-Analysis/multifracBoxCounter3D.cpp:90: undefined reference to `Statistics::Histogram::Histogram()'
/home/sambrenner/Fractal-Analysis/multifracBoxCounter3D.cpp:141: undefined reference to `Statistics::computeMinMax(double*, int, double&, double&)'
/home/sambrenner/Fractal-Analysis/multifracBoxCounter3D.cpp:144: undefined reference to `Statistics::Histogram::createStaticHistogram(double*, int, std::basic_string<char, std::char_traits<char>, std::allocator<char> >, Statistics::Histogram::spacing_t)'
/home/sambrenner/Fractal-Analysis/multifracBoxCounter3D.cpp:146: undefined reference to `Statistics::Histogram::addDatum(Statistics::Histogram::HistObj*, double)'
/home/sambrenner/Fractal-Analysis/multifracBoxCounter3D.cpp:148: undefined reference to `Statistics::Histogram::printObject(std::basic_ostream<char, std::char_traits<char> >&)'
/home/sambrenner/Fractal-Analysis/multifracBoxCounter3D.cpp:152: undefined reference to `Statistics::Histogram::~Histogram()'
/home/sambrenner/Fractal-Analysis/multifracBoxCounter3D.cpp:152: undefined reference to `Statistics::Histogram::~Histogram()'
collect2: ld returned 1 exit status
[sambrenner@aquila Fractal-Analysis]$ 
[sambrenner@aquila Fractal-Analysis]$ 
[sambrenner@aquila Fractal-Analysis]$ 
[sambrenner@aquila Fractal-Analysis]$ g++ -g  -Wall multifracBoxCounter3D.cpp -histogram.cxx -o multifracBox
g++: unrecognized option '-histogram.cxx'
multifracBoxCounter3D.cpp:199:2: warning: "/*" within comment
/tmp/ccwp8Npi.o: In function `boxCounting(double***, int, int, int, int, int&)':
/home/sambrenner/Fractal-Analysis/multifracBoxCounter3D.cpp:90: undefined reference to `Statistics::Histogram::Histogram()'
/home/sambrenner/Fractal-Analysis/multifracBoxCounter3D.cpp:141: undefined reference to `Statistics::computeMinMax(double*, int, double&, double&)'
/home/sambrenner/Fractal-Analysis/multifracBoxCounter3D.cpp:144: undefined reference to `Statistics::Histogram::createStaticHistogram(double*, int, std::basic_string<char, std::char_traits<char>, std::allocator<char> >, Statistics::Histogram::spacing_t)'
/home/sambrenner/Fractal-Analysis/multifracBoxCounter3D.cpp:146: undefined reference to `Statistics::Histogram::addDatum(Statistics::Histogram::HistObj*, double)'
/home/sambrenner/Fractal-Analysis/multifracBoxCounter3D.cpp:148: undefined reference to `Statistics::Histogram::printObject(std::basic_ostream<char, std::char_traits<char> >&)'
/home/sambrenner/Fractal-Analysis/multifracBoxCounter3D.cpp:152: undefined reference to `Statistics::Histogram::~Histogram()'
/home/sambrenner/Fractal-Analysis/multifracBoxCounter3D.cpp:152: undefined reference to `Statistics::Histogram::~Histogram()'
collect2: ld returned 1 exit status
[sambrenner@aquila Fractal-Analysis]$ 
[sambrenner@aquila Fractal-Analysis]$ 
[sambrenner@aquila Fractal-Analysis]$ 
[sambrenner@aquila Fractal-Analysis]$ 
[sambrenner@aquila Fractal-Analysis]$ 
[sambrenner@aquila Fractal-Analysis]$ g++ -g  -Wall multifracBoxCounter3D.cpp -histogram.cxx -o multifracBox
g++: unrecognized option '-histogram.cxx'
/tmp/ccv3tRH0.o: In function `boxCounting(double***, int, int, int, int, int&)':
/home/sambrenner/Fractal-Analysis/multifracBoxCounter3D.cpp:90: undefined reference to `Statistics::Histogram::Histogram()'
/home/sambrenner/Fractal-Analysis/multifracBoxCounter3D.cpp:141: undefined reference to `Statistics::computeMinMax(double*, int, double&, double&)'
/home/sambrenner/Fractal-Analysis/multifracBoxCounter3D.cpp:144: undefined reference to `Statistics::Histogram::createStaticHistogram(double*, int, std::basic_string<char, std::char_traits<char>, std::allocator<char> >, Statistics::Histogram::spacing_t)'
/home/sambrenner/Fractal-Analysis/multifracBoxCounter3D.cpp:146: undefined reference to `Statistics::Histogram::addDatum(Statistics::Histogram::HistObj*, double)'
/home/sambrenner/Fractal-Analysis/multifracBoxCounter3D.cpp:148: undefined reference to `Statistics::Histogram::printObject(std::basic_ostream<char, std::char_traits<char> >&)'
/home/sambrenner/Fractal-Analysis/multifracBoxCounter3D.cpp:152: undefined reference to `Statistics::Histogram::~Histogram()'
/home/sambrenner/Fractal-Analysis/multifracBoxCounter3D.cpp:152: undefined reference to `Statistics::Histogram::~Histogram()'
collect2: ld returned 1 exit status
[sambrenner@aquila Fractal-Analysis]$ g++ -g  -Wall multifracBoxCounter3D.cpp histogram.cxx -o multifracBox
g++: histogram.cxx: No such file or directory
[sambrenner@aquila Fractal-Analysis]$ g++ -g  -Wall multifracBoxCounter3D.cpp Histogram/histogram.cxx -o multifracBox
g++: Histogram/histogram.cxx: No such file or directory
[sambrenner@aquila Fractal-Analysis]$ ./multifracBox
bash: ./multifracBox: No such file or directory
[sambrenner@aquila Fractal-Analysis]$ g++ -g  -Wall multifracBoxCounter3D.cpp Histogram/Histogram.cxx -o multifracBox
[sambrenner@aquila Fractal-Analysis]$ ./multifracBox


height: 128
width: 128
depth: 1


Level: 1
onlineHist	30
6.400000000000000e-05	7.351669471981024e-05	729
7.351669471981024e-05	8.444850628946534e-05	0
8.444850628946534e-05	9.700586025666553e-05	0
9.700586025666553e-05	1.114304721019040e-04	0
1.114304721019040e-04	1.280000000000001e-04	1458
1.280000000000001e-04	1.470333894396205e-04	0
1.470333894396205e-04	1.688970125789305e-04	0
1.688970125789305e-04	1.940117205133311e-04	0
1.940117205133311e-04	2.228609442038077e-04	0
2.228609442038077e-04	2.560000000000000e-04	1215
2.560000000000000e-04	2.940667788792411e-04	0
2.940667788792411e-04	3.377940251578611e-04	0
3.377940251578611e-04	3.880234410266622e-04	0
3.880234410266622e-04	4.457218884076155e-04	0
4.457218884076155e-04	5.120000000000001e-04	0
5.120000000000001e-04	5.881335577584822e-04	540
5.881335577584822e-04	6.755880503157216e-04	0
6.755880503157216e-04	7.760468820533237e-04	0
7.760468820533237e-04	8.914437768152312e-04	0
8.914437768152312e-04	1.023999999999999e-03	0
1.023999999999999e-03	1.176267115516964e-03	135
1.176267115516964e-03	1.351176100631443e-03	0
1.351176100631443e-03	1.552093764106648e-03	0
1.552093764106648e-03	1.782887553630463e-03	0
1.782887553630463e-03	2.047999999999999e-03	18
2.047999999999999e-03	2.352534231033927e-03	0
2.352534231033927e-03	2.702352201262887e-03	0
2.702352201262887e-03	3.104187528213293e-03	0
3.104187528213293e-03	3.565775107260926e-03	0
3.565775107260926e-03	4.095999999999998e-03	1

Level: 2
onlineHist	30
3.200000000000000e-04	3.591878554589993e-04	243
3.591878554589993e-04	4.031747359663592e-04	0
4.031747359663592e-04	4.525483399593903e-04	0
4.525483399593903e-04	5.079683366298239e-04	0
5.079683366298239e-04	5.701751796098168e-04	0
5.701751796098168e-04	6.399999999999998e-04	0
6.399999999999998e-04	7.183757109179988e-04	405
7.183757109179988e-04	8.063494719327184e-04	0
8.063494719327184e-04	9.050966799187807e-04	0
9.050966799187807e-04	1.015936673259648e-03	0
1.015936673259648e-03	1.140350359219634e-03	0
1.140350359219634e-03	1.280000000000000e-03	0
1.280000000000000e-03	1.436751421835998e-03	270
1.436751421835998e-03	1.612698943865437e-03	0
1.612698943865437e-03	1.810193359837562e-03	0
1.810193359837562e-03	2.031873346519296e-03	0
2.031873346519296e-03	2.280700718439268e-03	0
2.280700718439268e-03	2.560000000000000e-03	0
2.560000000000000e-03	2.873502843671996e-03	90
2.873502843671996e-03	3.225397887730875e-03	0
3.225397887730875e-03	3.620386719675124e-03	0
3.620386719675124e-03	4.063746693038593e-03	0
4.063746693038593e-03	4.561401436878536e-03	0
4.561401436878536e-03	5.120000000000001e-03	0
5.120000000000001e-03	5.747005687343993e-03	15
5.747005687343993e-03	6.450795775461750e-03	0
6.450795775461750e-03	7.240773439350241e-03	0
7.240773439350241e-03	8.127493386077187e-03	0
8.127493386077187e-03	9.122802873757075e-03	0
9.122802873757075e-03	1.024000000000000e-02	1

Level: 3
onlineHist	30
1.599999999999999e-03	1.754919967511401e-03	81
1.754919967511401e-03	1.924840057731386e-03	0
1.924840057731386e-03	2.111212657236631e-03	0
2.111212657236631e-03	2.315630779904604e-03	0
2.315630779904604e-03	2.539841683149119e-03	0
2.539841683149119e-03	2.785761802547596e-03	0
2.785761802547596e-03	3.055493132513333e-03	0
3.055493132513333e-03	3.351341193026003e-03	108
3.351341193026003e-03	3.675834735990511e-03	0
3.675834735990511e-03	4.031747359663592e-03	0
4.031747359663592e-03	4.422121215896883e-03	0
4.422121215896883e-03	4.850293012833270e-03	0
4.850293012833270e-03	5.319922535313840e-03	0
5.319922535313840e-03	5.835023926772583e-03	0
5.835023926772583e-03	6.399999999999999e-03	0
6.399999999999999e-03	7.019679870045601e-03	54
7.019679870045601e-03	7.699360230925545e-03	0
7.699360230925545e-03	8.444850628946517e-03	0
8.444850628946517e-03	9.262523119618418e-03	0
9.262523119618418e-03	1.015936673259647e-02	0
1.015936673259647e-02	1.114304721019039e-02	0
1.114304721019039e-02	1.222197253005332e-02	0
1.222197253005332e-02	1.340536477210402e-02	12
1.340536477210402e-02	1.470333894396204e-02	0
1.470333894396204e-02	1.612698943865437e-02	0
1.612698943865437e-02	1.768848486358753e-02	0
1.768848486358753e-02	1.940117205133309e-02	0
1.940117205133309e-02	2.127969014125536e-02	0
2.127969014125536e-02	2.334009570709034e-02	0
2.334009570709034e-02	2.559999999999999e-02	1

Level: 4
onlineHist	30
8.000000000000009e-03	8.574187700290354e-03	27
8.574187700290354e-03	9.189586839976295e-03	0
9.189586839976295e-03	9.849155306759342e-03	0
9.849155306759342e-03	1.055606328618317e-02	0
1.055606328618317e-02	1.131370849898478e-02	0
1.131370849898478e-02	1.212573253208320e-02	0
1.212573253208320e-02	1.299603834169978e-02	0
1.299603834169978e-02	1.392880901273801e-02	0
1.392880901273801e-02	1.492852786458894e-02	0
1.492852786458894e-02	1.600000000000002e-02	27
1.600000000000002e-02	1.714837540058071e-02	0
1.714837540058071e-02	1.837917367995258e-02	0
1.837917367995258e-02	1.969831061351869e-02	0
1.969831061351869e-02	2.111212657236634e-02	0
2.111212657236634e-02	2.262741699796956e-02	0
2.262741699796956e-02	2.425146506416640e-02	0
2.425146506416640e-02	2.599207668339957e-02	0
2.599207668339957e-02	2.785761802547601e-02	0
2.785761802547601e-02	2.985705572917787e-02	0
2.985705572917787e-02	3.200000000000006e-02	9
3.200000000000006e-02	3.429675080116142e-02	0
3.429675080116142e-02	3.675834735990517e-02	0
3.675834735990517e-02	3.939662122703738e-02	0
3.939662122703738e-02	4.222425314473267e-02	0
4.222425314473267e-02	4.525483399593910e-02	0
4.525483399593910e-02	4.850293012833280e-02	0
4.850293012833280e-02	5.198415336679912e-02	0
5.198415336679912e-02	5.571523605095204e-02	0
5.571523605095204e-02	5.971411145835575e-02	0
5.971411145835575e-02	6.400000000000008e-02	1

Level: 5
onlineHist	30
4.000000000000042e-02	4.189176491282552e-02	9
4.189176491282552e-02	4.387299918778550e-02	0
4.387299918778550e-02	4.594793419988189e-02	0
4.594793419988189e-02	4.812100144328517e-02	0
4.812100144328517e-02	5.039684199579546e-02	0
5.039684199579546e-02	5.278031643091632e-02	0
5.278031643091632e-02	5.527651519871164e-02	0
5.527651519871164e-02	5.789076949761573e-02	0
5.789076949761573e-02	6.062866266041657e-02	0
6.062866266041657e-02	6.349604207872864e-02	0
6.349604207872864e-02	6.649903169142374e-02	0
6.649903169142374e-02	6.964404506369065e-02	0
6.964404506369065e-02	7.293779908465813e-02	0
7.293779908465813e-02	7.638732831283411e-02	0
7.638732831283411e-02	8.000000000000085e-02	0
8.000000000000085e-02	8.378352982565100e-02	6
8.378352982565100e-02	8.774599837557101e-02	0
8.774599837557101e-02	9.189586839976376e-02	0
9.189586839976376e-02	9.624200288657035e-02	0
9.624200288657035e-02	1.007936839915909e-01	0
1.007936839915909e-01	1.055606328618327e-01	0
1.055606328618327e-01	1.105530303974232e-01	0
1.105530303974232e-01	1.157815389952315e-01	0
1.157815389952315e-01	1.212573253208331e-01	0
1.212573253208331e-01	1.269920841574573e-01	0
1.269920841574573e-01	1.329980633828474e-01	0
1.329980633828474e-01	1.392880901273813e-01	0
1.392880901273813e-01	1.458755981693162e-01	0
1.458755981693162e-01	1.527746566256682e-01	0
1.527746566256682e-01	1.600000000000017e-01	1

Level: 6
onlineHist	30
1.999999999999999e-01	2.046747783993549e-01	3
2.046747783993549e-01	2.094588245641252e-01	0
2.094588245641252e-01	2.143546925072585e-01	0
2.143546925072585e-01	2.193649959389251e-01	0
2.193649959389251e-01	2.244924096618745e-01	0
2.244924096618745e-01	2.297396709994068e-01	0
2.297396709994068e-01	2.351095812567216e-01	0
2.351095812567216e-01	2.406050072164232e-01	0
2.406050072164232e-01	2.462288826689831e-01	0
2.462288826689831e-01	2.519842099789745e-01	0
2.519842099789745e-01	2.578740616879157e-01	0
2.578740616879157e-01	2.639015821545787e-01	0
2.639015821545787e-01	2.700699892336378e-01	0
2.700699892336378e-01	2.763825759935550e-01	0
2.763825759935550e-01	2.828427124746188e-01	0
2.828427124746188e-01	2.894538474880754e-01	0
2.894538474880754e-01	2.962195104573127e-01	0
2.962195104573127e-01	3.031433133020794e-01	0
3.031433133020794e-01	3.102289523667467e-01	0
3.102289523667467e-01	3.174802103936397e-01	0
3.174802103936397e-01	3.249009585424940e-01	0
3.249009585424940e-01	3.324951584571149e-01	0
3.324951584571149e-01	3.402668643803421e-01	0
3.402668643803421e-01	3.482202253184494e-01	0
3.482202253184494e-01	3.563594872561355e-01	0
3.563594872561355e-01	3.646889954232865e-01	0
3.646889954232865e-01	3.732131966147227e-01	0
3.732131966147227e-01	3.819366415641664e-01	0
3.819366415641664e-01	3.908639873736982e-01	0
3.908639873736982e-01	3.999999999999997e-01	1
[sambrenner@aquila Fractal-Analysis]$ 
